{"id": "c3f99675-7190-4a25-af5b-cd388afbadac", "kind": "nccl", "state": "done", "command": "sudo docker run --rm --runtime=runsc-rdma --gpus all --device=/dev/infiniband/uverbs0 --device=/dev/infiniband/uverbs1 --device=/dev/infiniband/uverbs10 --device=/dev/infiniband/uverbs11 --device=/dev/infiniband/uverbs2 --device=/dev/infiniband/uverbs3 --device=/dev/infiniband/uverbs4 --device=/dev/infiniband/uverbs5 --device=/dev/infiniband/uverbs6 --device=/dev/infiniband/uverbs7 --device=/dev/infiniband/uverbs8 --device=/dev/infiniband/uverbs9 --ulimit memlock=-1:-1 --shm-size=1g --network=host -v /root/.cache/rdma_job_agent/nccl_topo.xml:/topo.xml:ro -e RANK=1 -e NRANKS=2 -e NGPUS=8 -e MASTER_ADDR=172.29.5.7 -e MASTER_PORT=29501 -e NCCL_DEBUG=INFO -e NCCL_SOCKET_IFNAME=eth0 -e NCCL_IB_HCA=mlx5_0,mlx5_3,mlx5_4,mlx5_5,mlx5_6,mlx5_9,mlx5_10,mlx5_11 -e NCCL_NET_GDR_LEVEL=3 -e NCCL_DMABUF_ENABLE=0 -e NCCL_IB_GID_INDEX=0 -e NCCL_TOPO_FILE=/topo.xml nccl-test /usr/local/bin/nccl_multinode_bench", "started_unix": 1775053455.3347013, "exit_code": 0, "output": "\n==========\n== CUDA ==\n==========\n\nCUDA Version 12.4.1\n\nContainer image Copyright (c) 2016-2023, NVIDIA CORPORATION & AFFILIATES. All rights reserved.\n\nThis container image and its contents are governed by the NVIDIA Deep Learning Container License.\nBy pulling and using the container, you accept the terms and conditions of this license:\nhttps://developer.nvidia.com/ngc/nvidia-deep-learning-container-license\n\nA copy of this license is made available in this container at /NGC-DL-CONTAINER-LICENSE for your convenience.\n\nrank=1/2  gpus=8  total_ranks=16  master=172.29.5.7:29501\n[rank 1] connecting to 172.29.5.7:29501\n[rank 1] NCCL ID
exchanged\nmodal-worker-oci-h200-ytubzmd:1:1 [0] NCCL INFO ENV/Plugin: Could not find:
libnccl-env.so\nmodal-worker-oci-h200-ytubzmd:1:1 [0] NCCL INFO cudaDriverVersion
13000\nmodal-worker-oci-h200-ytubzmd:1:1 [0] NCCL INFO NCCL_SOCKET_IFNAME set by environment to
eth0\nmodal-worker-oci-h200-ytubzmd:1:1 [0] NCCL INFO Bootstrap: Using
eth0:172.29.11.158<0>\nmodal-worker-oci-h200-ytubzmd:1:1 [0] NCCL INFO NCCL version
2.29.7+cuda13.2\nmodal-worker-oci-h200-ytubzmd:1:1 [0] NCCL INFO NCCL git version stable
b81d6a5a3\nmodal-worker-oci-h200-ytubzmd:1:36 [5] NCCL INFO NET/Plugin: Could not find:
libnccl-net.so\nmodal-worker-oci-h200-ytubzmd:1:36 [5] NCCL INFO NCCL_SOCKET_IFNAME set by environment to
eth0\nmodal-worker-oci-h200-ytubzmd:1:36 [5] NCCL INFO NCCL_IB_HCA set to mlx5_0,mlx5_3,mlx5_4,mlx5_5,mlx5_6,mlx5_9,mlx5_10,mlx5_11\n\n[2026-04-01 14:25:19] modal-worker-oci-h200-ytubzmd:1:39 [0] misc/ibvwrap.cc:138 NCCL WARN Call to ibv_get_async_event failed\n\n[2026-04-01 14:25:19] modal-worker-oci-h200-ytubzmd:1:40 [0] misc/ibvwrap.cc:138 NCCL WARN Call to ibv_get_async_event failed\n\n[2026-04-01 14:25:19] modal-worker-oci-h200-ytubzmd:1:41 [0] misc/ibvwrap.cc:138 NCCL WARN Call to ibv_get_async_event failed\n\n[2026-04-01 14:25:19] modal-worker-oci-h200-ytubzmd:1:42 [0] misc/ibvwrap.cc:138 NCCL WARN Call to ibv_get_async_event failed\n\n[2026-04-01 14:25:19] modal-worker-oci-h200-ytubzmd:1:43 [0] misc/ibvwrap.cc:138 NCCL WARN Call to ibv_get_async_event failed\n\n[2026-04-01 14:25:19] modal-worker-oci-h200-ytubzmd:1:44 [0] misc/ibvwrap.cc:138 NCCL WARN Call to ibv_get_async_event failed\n\n[2026-04-01 14:25:19] modal-worker-oci-h200-ytubzmd:1:45 [0] misc/ibvwrap.cc:138 NCCL WARN Call to ibv_get_async_event
failed\nmodal-worker-oci-h200-ytubzmd:1:36 [5] NCCL INFO NET/IB : Using [0]mlx5_10:1/RoCE [1]mlx5_11:1/RoCE [2]mlx5_3:1/RoCE [3]mlx5_9:1/RoCE [4]mlx5_4:1/RoCE [5]mlx5_5:1/RoCE [6]mlx5_6:1/RoCE [7]mlx5_0:1/RoCE [RO]; OOB
eth0:172.29.11.158<0>\nmodal-worker-oci-h200-ytubzmd:1:36 [5] NCCL INFO Initialized NET plugin IB\n\n[2026-04-01 14:25:19] modal-worker-oci-h200-ytubzmd:1:46 [0] misc/ibvwrap.cc:138 NCCL WARN Call to ibv_get_async_event
failed\nmodal-worker-oci-h200-ytubzmd:1:36 [5] NCCL INFO Assigned NET plugin IB to
comm\nmodal-worker-oci-h200-ytubzmd:1:33 [2] NCCL INFO Initialized NET plugin
IB\nmodal-worker-oci-h200-ytubzmd:1:33 [2] NCCL INFO Assigned NET plugin IB to
comm\nmodal-worker-oci-h200-ytubzmd:1:32 [1] NCCL INFO Initialized NET plugin
IB\nmodal-worker-oci-h200-ytubzmd:1:32 [1] NCCL INFO Assigned NET plugin IB to
comm\nmodal-worker-oci-h200-ytubzmd:1:31 [0] NCCL INFO Initialized NET plugin
IB\nmodal-worker-oci-h200-ytubzmd:1:31 [0] NCCL INFO Assigned NET plugin IB to
comm\nmodal-worker-oci-h200-ytubzmd:1:34 [3] NCCL INFO Initialized NET plugin
IB\nmodal-worker-oci-h200-ytubzmd:1:34 [3] NCCL INFO Assigned NET plugin IB to
comm\nmodal-worker-oci-h200-ytubzmd:1:35 [4] NCCL INFO Initialized NET plugin
IB\nmodal-worker-oci-h200-ytubzmd:1:35 [4] NCCL INFO Assigned NET plugin IB to
comm\nmodal-worker-oci-h200-ytubzmd:1:37 [6] NCCL INFO Initialized NET plugin
IB\nmodal-worker-oci-h200-ytubzmd:1:37 [6] NCCL INFO Assigned NET plugin IB to
comm\nmodal-worker-oci-h200-ytubzmd:1:38 [7] NCCL INFO Initialized NET plugin
IB\nmodal-worker-oci-h200-ytubzmd:1:38 [7] NCCL INFO Assigned NET plugin IB to
comm\nmodal-worker-oci-h200-ytubzmd:1:36 [5] NCCL INFO GIN/Plugin: Could not find:
libnccl-gin.so\nmodal-worker-oci-h200-ytubzmd:1:36 [5] NCCL INFO Assigned GIN plugin GIN_IB_GDAKI to
comm\nmodal-worker-oci-h200-ytubzmd:1:36 [5] NCCL INFO Assigned RMA plugin GIN_IB_PROXY to
comm\nmodal-worker-oci-h200-ytubzmd:1:36 [5] NCCL INFO Using network
IB\nmodal-worker-oci-h200-ytubzmd:1:33 [2] NCCL INFO Assigned GIN plugin GIN_IB_GDAKI to
comm\nmodal-worker-oci-h200-ytubzmd:1:33 [2] NCCL INFO Assigned RMA plugin GIN_IB_PROXY to
comm\nmodal-worker-oci-h200-ytubzmd:1:33 [2] NCCL INFO Using network
IB\nmodal-worker-oci-h200-ytubzmd:1:32 [1] NCCL INFO Assigned GIN plugin GIN_IB_GDAKI to
comm\nmodal-worker-oci-h200-ytubzmd:1:32 [1] NCCL INFO Assigned RMA plugin GIN_IB_PROXY to
comm\nmodal-worker-oci-h200-ytubzmd:1:32 [1] NCCL INFO Using network
IB\nmodal-worker-oci-h200-ytubzmd:1:31 [0] NCCL INFO Assigned GIN plugin GIN_IB_GDAKI to
comm\nmodal-worker-oci-h200-ytubzmd:1:31 [0] NCCL INFO Assigned RMA plugin GIN_IB_PROXY to
comm\nmodal-worker-oci-h200-ytubzmd:1:31 [0] NCCL INFO Using network
IB\nmodal-worker-oci-h200-ytubzmd:1:34 [3] NCCL INFO Assigned GIN plugin GIN_IB_GDAKI to
comm\nmodal-worker-oci-h200-ytubzmd:1:34 [3] NCCL INFO Assigned RMA plugin GIN_IB_PROXY to
comm\nmodal-worker-oci-h200-ytubzmd:1:34 [3] NCCL INFO Using network
IB\nmodal-worker-oci-h200-ytubzmd:1:35 [4] NCCL INFO Assigned GIN plugin GIN_IB_GDAKI to
comm\nmodal-worker-oci-h200-ytubzmd:1:35 [4] NCCL INFO Assigned RMA plugin GIN_IB_PROXY to
comm\nmodal-worker-oci-h200-ytubzmd:1:35 [4] NCCL INFO Using network
IB\nmodal-worker-oci-h200-ytubzmd:1:37 [6] NCCL INFO Assigned GIN plugin GIN_IB_GDAKI to
comm\nmodal-worker-oci-h200-ytubzmd:1:37 [6] NCCL INFO Assigned RMA plugin GIN_IB_PROXY to
comm\nmodal-worker-oci-h200-ytubzmd:1:37 [6] NCCL INFO Using network
IB\nmodal-worker-oci-h200-ytubzmd:1:38 [7] NCCL INFO Assigned GIN plugin GIN_IB_GDAKI to
comm\nmodal-worker-oci-h200-ytubzmd:1:38 [7] NCCL INFO Assigned RMA plugin GIN_IB_PROXY to
comm\nmodal-worker-oci-h200-ytubzmd:1:38 [7] NCCL INFO Using network
IB\nmodal-worker-oci-h200-ytubzmd:1:36 [5] NCCL INFO NCCL_DMABUF_ENABLE set by environment to
0.\nmodal-worker-oci-h200-ytubzmd:1:36 [5] NCCL INFO [Rank 13] ncclCommInitRank comm 0x561128ec98c0 rank 13 nranks 16 cudaDev 5 nvmlDev 5 busId a8000 commId 0x4f88d7c107f86886 - Init
START\nmodal-worker-oci-h200-ytubzmd:1:31 [0] NCCL INFO [Rank 8] ncclCommInitRank comm 0x5611246f7bc0 rank 8 nranks 16 cudaDev 0 nvmlDev 0 busId f000 commId 0x4f88d7c107f86886 - Init
START\nmodal-worker-oci-h200-ytubzmd:1:35 [4] NCCL INFO [Rank 12] ncclCommInitRank comm 0x56112806a680 rank 12 nranks 16 cudaDev 4 nvmlDev 4 busId 89000 commId 0x4f88d7c107f86886 - Init
START\nmodal-worker-oci-h200-ytubzmd:1:38 [7] NCCL INFO [Rank 15] ncclCommInitRank comm 0x56112aba7410 rank 15 nranks 16 cudaDev 7 nvmlDev 7 busId d8000 commId 0x4f88d7c107f86886 - Init
START\nmodal-worker-oci-h200-ytubzmd:1:34 [3] NCCL INFO [Rank 11] ncclCommInitRank comm 0x5611272151c0 rank 11 nranks 16 cudaDev 3 nvmlDev 3 busId 5b000 commId 0x4f88d7c107f86886 - Init
START\nmodal-worker-oci-h200-ytubzmd:1:32 [1] NCCL INFO [Rank 9] ncclCommInitRank comm 0x561125589f80 rank 9 nranks 16 cudaDev 1 nvmlDev 1 busId 2d000 commId 0x4f88d7c107f86886 - Init
START\nmodal-worker-oci-h200-ytubzmd:1:33 [2] NCCL INFO [Rank 10] ncclCommInitRank comm 0x5611263cb6e0 rank 10 nranks 16 cudaDev 2 nvmlDev 2 busId 44000 commId 0x4f88d7c107f86886 - Init
START\nmodal-worker-oci-h200-ytubzmd:1:37 [6] NCCL INFO [Rank 14] ncclCommInitRank comm 0x561129d336e0 rank 14 nranks 16 cudaDev 6 nvmlDev 6 busId c0000 commId 0x4f88d7c107f86886 - Init
START\nmodal-worker-oci-h200-ytubzmd:1:35 [4] NCCL INFO RAS client listening socket at
::1<28028>\nmodal-worker-oci-h200-ytubzmd:1:35 [4] NCCL INFO Bootstrap timings total 0.010988 (create 0.000357, send 0.000777, recv 0.001953, ring 0.001990, delay
0.000000)\nmodal-worker-oci-h200-ytubzmd:1:34 [3] NCCL INFO Bootstrap timings total 0.010685 (create 0.000631, send 0.000329, recv 0.003346, ring 0.001975, delay
0.000000)\nmodal-worker-oci-h200-ytubzmd:1:37 [6] NCCL INFO Bootstrap timings total 0.010181 (create 0.000371, send 0.000517, recv 0.005859, ring 0.001950, delay
0.000000)\nmodal-worker-oci-h200-ytubzmd:1:33 [2] NCCL INFO Bootstrap timings total 0.010290 (create 0.000336, send 0.000557, recv 0.004831, ring 0.002008, delay
0.000000)\nmodal-worker-oci-h200-ytubzmd:1:32 [1] NCCL INFO Bootstrap timings total 0.010781 (create 0.000568, send 0.000441, recv 0.004914, ring 0.002047, delay
0.000000)\nmodal-worker-oci-h200-ytubzmd:1:31 [0] NCCL INFO Bootstrap timings total 0.011147 (create 0.000319, send 0.000809, recv 0.004241, ring 0.002110, delay
0.000000)\nmodal-worker-oci-h200-ytubzmd:1:36 [5] NCCL INFO Bootstrap timings total 0.011846 (create 0.000750, send 0.001040, recv 0.006253, ring 0.001912, delay
0.000001)\nmodal-worker-oci-h200-ytubzmd:1:38 [7] NCCL INFO Bootstrap timings total 0.011128 (create 0.000345, send 0.000734, recv 0.002436, ring 0.001980, delay
0.000000)\nmodal-worker-oci-h200-ytubzmd:1:35 [4] NCCL INFO MNNVL busId 0x89000 fabric UUID 0.0 cliqueId 0x0 state 3 healthMask
0x0\nmodal-worker-oci-h200-ytubzmd:1:33 [2] NCCL INFO MNNVL busId 0x44000 fabric UUID 0.0 cliqueId 0x0 state 3 healthMask
0x0\nmodal-worker-oci-h200-ytubzmd:1:37 [6] NCCL INFO MNNVL busId 0xc0000 fabric UUID 0.0 cliqueId 0x0 state 3 healthMask
0x0\nmodal-worker-oci-h200-ytubzmd:1:32 [1] NCCL INFO MNNVL busId 0x2d000 fabric UUID 0.0 cliqueId 0x0 state 3 healthMask
0x0\nmodal-worker-oci-h200-ytubzmd:1:38 [7] NCCL INFO MNNVL busId 0xd8000 fabric UUID 0.0 cliqueId 0x0 state 3 healthMask
0x0\nmodal-worker-oci-h200-ytubzmd:1:31 [0] NCCL INFO MNNVL busId 0xf000 fabric UUID 0.0 cliqueId 0x0 state 3 healthMask
0x0\nmodal-worker-oci-h200-ytubzmd:1:34 [3] NCCL INFO MNNVL busId 0x5b000 fabric UUID 0.0 cliqueId 0x0 state 3 healthMask
0x0\nmodal-worker-oci-h200-ytubzmd:1:36 [5] NCCL INFO MNNVL busId 0xa8000 fabric UUID 0.0 cliqueId 0x0 state 3 healthMask
0x0\nmodal-worker-oci-h200-ytubzmd:1:33 [2] NCCL INFO NCCL_TOPO_FILE set by environment to
/topo.xml\nmodal-worker-oci-h200-ytubzmd:1:34 [3] NCCL INFO NCCL_TOPO_FILE set by environment to
/topo.xml\nmodal-worker-oci-h200-ytubzmd:1:32 [1] NCCL INFO NCCL_TOPO_FILE set by environment to
/topo.xml\nmodal-worker-oci-h200-ytubzmd:1:38 [7] NCCL INFO NCCL_TOPO_FILE set by environment to
/topo.xml\nmodal-worker-oci-h200-ytubzmd:1:31 [0] NCCL INFO NCCL_TOPO_FILE set by environment to
/topo.xml\nmodal-worker-oci-h200-ytubzmd:1:35 [4] NCCL INFO NCCL_TOPO_FILE set by environment to
/topo.xml\nmodal-worker-oci-h200-ytubzmd:1:36 [5] NCCL INFO NCCL_TOPO_FILE set by environment to
/topo.xml\nmodal-worker-oci-h200-ytubzmd:1:37 [6] NCCL INFO NCCL_TOPO_FILE set by environment to
/topo.xml\nmodal-worker-oci-h200-ytubzmd:1:33 [2] NCCL INFO NCCL_NET_GDR_LEVEL set by environment to
PHB\nmodal-worker-oci-h200-ytubzmd:1:31 [0] NCCL INFO ncclTopoGetCpuAffinity: Affinity for GPU 0 is 0-11. (GPU affinity = 0-55 ; CPU affinity =
0-11).\nmodal-worker-oci-h200-ytubzmd:1:31 [0] NCCL INFO NVLS multicast support is available on dev 0 (NVLS_NCHANNELS
16)\nmodal-worker-oci-h200-ytubzmd:1:36 [5] NCCL INFO ncclTopoGetCpuAffinity: Affinity for GPU 5 is empty, ignoring. (GPU affinity = 56-111 ; CPU affinity =
0-11).\nmodal-worker-oci-h200-ytubzmd:1:36 [5] NCCL INFO NVLS multicast support is available on dev 5 (NVLS_NCHANNELS
16)\nmodal-worker-oci-h200-ytubzmd:1:32 [1] NCCL INFO ncclTopoGetCpuAffinity: Affinity for GPU 1 is 0-11. (GPU affinity = 0-55 ; CPU affinity =
0-11).\nmodal-worker-oci-h200-ytubzmd:1:32 [1] NCCL INFO NVLS multicast support is available on dev 1 (NVLS_NCHANNELS
16)\nmodal-worker-oci-h200-ytubzmd:1:33 [2] NCCL INFO ncclTopoGetCpuAffinity: Affinity for GPU 2 is 0-11. (GPU affinity = 0-55 ; CPU affinity =
0-11).\nmodal-worker-oci-h200-ytubzmd:1:33 [2] NCCL INFO NVLS multicast support is available on dev 2 (NVLS_NCHANNELS
16)\nmodal-worker-oci-h200-ytubzmd:1:34 [3] NCCL INFO ncclTopoGetCpuAffinity: Affinity for GPU 3 is 0-11. (GPU affinity = 0-55 ; CPU affinity =
0-11).\nmodal-worker-oci-h200-ytubzmd:1:34 [3] NCCL INFO NVLS multicast support is available on dev 3 (NVLS_NCHANNELS
16)\nmodal-worker-oci-h200-ytubzmd:1:35 [4] NCCL INFO ncclTopoGetCpuAffinity: Affinity for GPU 4 is empty, ignoring. (GPU affinity = 56-111 ; CPU affinity =
0-11).\nmodal-worker-oci-h200-ytubzmd:1:35 [4] NCCL INFO NVLS multicast support is available on dev 4 (NVLS_NCHANNELS
16)\nmodal-worker-oci-h200-ytubzmd:1:38 [7] NCCL INFO ncclTopoGetCpuAffinity: Affinity for GPU 7 is empty, ignoring. (GPU affinity = 56-111 ; CPU affinity =
0-11).\nmodal-worker-oci-h200-ytubzmd:1:38 [7] NCCL INFO NVLS multicast support is available on dev 7 (NVLS_NCHANNELS
16)\nmodal-worker-oci-h200-ytubzmd:1:37 [6] NCCL INFO ncclTopoGetCpuAffinity: Affinity for GPU 6 is empty, ignoring. (GPU affinity = 56-111 ; CPU affinity =
0-11).\nmodal-worker-oci-h200-ytubzmd:1:37 [6] NCCL INFO NVLS multicast support is available on dev 6 (NVLS_NCHANNELS
16)\nmodal-worker-oci-h200-ytubzmd:1:32 [1] NCCL INFO comm 0x561125589f80 rank 9 nRanks 16 nNodes 2 localRanks 8 localRank 1 MNNVL
0\nmodal-worker-oci-h200-ytubzmd:1:32 [1] NCCL INFO Trees [0] 10/-1/-1->9->8 [1] 10/-1/-1->9->1 [2] -1/-1/-1->9->8 [3] 10/-1/-1->9->8 [4] 10/-1/-1->9->8 [5] 10/-1/-1->9->8 [6] 10/-1/-1->9->8 [7] 10/-1/-1->9->8 [8] 10/-1/-1->9->8 [9] 10/1/-1->9->-1 [10] -1/-1/-1->9->8 [11] 10/-1/-1->9->8 [12] 10/-1/-1->9->8 [13] 10/-1/-1->9->8 [14] 10/-1/-1->9->8 [15]
10/-1/-1->9->8\nmodal-worker-oci-h200-ytubzmd:1:32 [1] NCCL INFO P2P Chunksize set to
131072\nmodal-worker-oci-h200-ytubzmd:1:31 [0] NCCL INFO comm 0x5611246f7bc0 rank 8 nRanks 16 nNodes 2 localRanks 8 localRank 0 MNNVL
0\nmodal-worker-oci-h200-ytubzmd:1:31 [0] NCCL INFO Trees [0] 9/-1/-1->8->0 [1] -1/-1/-1->8->15 [2] 9/-1/-1->8->15 [3] 9/-1/-1->8->15 [4] 9/-1/-1->8->15 [5] 9/-1/-1->8->15 [6] 9/-1/-1->8->15 [7] 9/-1/-1->8->15 [8] 9/0/-1->8->-1 [9] -1/-1/-1->8->15 [10] 9/-1/-1->8->15 [11] 9/-1/-1->8->15 [12] 9/-1/-1->8->15 [13] 9/-1/-1->8->15 [14] 9/-1/-1->8->15 [15]
9/-1/-1->8->15\nmodal-worker-oci-h200-ytubzmd:1:31 [0] NCCL INFO P2P Chunksize set to
131072\nmodal-worker-oci-h200-ytubzmd:1:35 [4] NCCL INFO comm 0x56112806a680 rank 12 nRanks 16 nNodes 2 localRanks 8 localRank 4 MNNVL
0\nmodal-worker-oci-h200-ytubzmd:1:34 [3] NCCL INFO comm 0x5611272151c0 rank 11 nRanks 16 nNodes 2 localRanks 8 localRank 3 MNNVL
0\nmodal-worker-oci-h200-ytubzmd:1:37 [6] NCCL INFO comm 0x561129d336e0 rank 14 nRanks 16 nNodes 2 localRanks 8 localRank 6 MNNVL
0\nmodal-worker-oci-h200-ytubzmd:1:36 [5] NCCL INFO comm 0x561128ec98c0 rank 13 nRanks 16 nNodes 2 localRanks 8 localRank 5 MNNVL
0\nmodal-worker-oci-h200-ytubzmd:1:33 [2] NCCL INFO comm 0x5611263cb6e0 rank 10 nRanks 16 nNodes 2 localRanks 8 localRank 2 MNNVL
0\nmodal-worker-oci-h200-ytubzmd:1:38 [7] NCCL INFO comm 0x56112aba7410 rank 15 nRanks 16 nNodes 2 localRanks 8 localRank 7 MNNVL
0\nmodal-worker-oci-h200-ytubzmd:1:38 [7] NCCL INFO Trees [0] -1/-1/-1->15->14 [1] 8/-1/-1->15->14 [2] 8/-1/-1->15->14 [3] 8/-1/-1->15->14 [4] 8/-1/-1->15->14 [5] 8/-1/-1->15->14 [6] 8/-1/-1->15->14 [7] 8/-1/-1->15->7 [8] -1/-1/-1->15->14 [9] 8/-1/-1->15->14 [10] 8/-1/-1->15->14 [11] 8/-1/-1->15->14 [12] 8/-1/-1->15->14 [13] 8/-1/-1->15->14 [14] 8/-1/-1->15->14 [15]
8/7/-1->15->-1\nmodal-worker-oci-h200-ytubzmd:1:38 [7] NCCL INFO P2P Chunksize set to
131072\nmodal-worker-oci-h200-ytubzmd:1:36 [5] NCCL INFO Trees [0] 14/-1/-1->13->12 [1] 14/-1/-1->13->12 [2] 14/-1/-1->13->12 [3] 14/-1/-1->13->12 [4] 14/-1/-1->13->12 [5] 14/-1/-1->13->5 [6] -1/-1/-1->13->12 [7] 14/-1/-1->13->12 [8] 14/-1/-1->13->12 [9] 14/-1/-1->13->12 [10] 14/-1/-1->13->12 [11] 14/-1/-1->13->12 [12] 14/-1/-1->13->12 [13] 14/5/-1->13->-1 [14] -1/-1/-1->13->12 [15]
14/-1/-1->13->12\nmodal-worker-oci-h200-ytubzmd:1:36 [5] NCCL INFO P2P Chunksize set to
131072\nmodal-worker-oci-h200-ytubzmd:1:32 [1] NCCL INFO PROFILER/Plugin: Could not find:
libnccl-profiler.so\nmodal-worker-oci-h200-ytubzmd:1:32 [1] NCCL INFO Check P2P Type isAllDirectP2p 1 directMode 1 isAllCudaP2p
1\nmodal-worker-oci-h200-ytubzmd:1:33 [2] NCCL INFO Trees [0] 11/-1/-1->10->9 [1] 11/-1/-1->10->9 [2] 11/-1/-1->10->2 [3] -1/-1/-1->10->9 [4] 11/-1/-1->10->9 [5] 11/-1/-1->10->9 [6] 11/-1/-1->10->9 [7] 11/-1/-1->10->9 [8] 11/-1/-1->10->9 [9] 11/-1/-1->10->9 [10] 11/2/-1->10->-1 [11] -1/-1/-1->10->9 [12] 11/-1/-1->10->9 [13] 11/-1/-1->10->9 [14] 11/-1/-1->10->9 [15]
11/-1/-1->10->9\nmodal-worker-oci-h200-ytubzmd:1:33 [2] NCCL INFO P2P Chunksize set to
131072\nmodal-worker-oci-h200-ytubzmd:1:33 [2] NCCL INFO Check P2P Type isAllDirectP2p 1 directMode 1 isAllCudaP2p
1\nmodal-worker-oci-h200-ytubzmd:1:35 [4] NCCL INFO Trees [0] 13/-1/-1->12->11 [1] 13/-1/-1->12->11 [2] 13/-1/-1->12->11 [3] 13/-1/-1->12->11 [4] 13/-1/-1->12->4 [5] -1/-1/-1->12->11 [6] 13/-1/-1->12->11 [7] 13/-1/-1->12->11 [8] 13/-1/-1->12->11 [9] 13/-1/-1->12->11 [10] 13/-1/-1->12->11 [11] 13/-1/-1->12->11 [12] 13/4/-1->12->-1 [13] -1/-1/-1->12->11 [14] 13/-1/-1->12->11 [15]
13/-1/-1->12->11\nmodal-worker-oci-h200-ytubzmd:1:35 [4] NCCL INFO P2P Chunksize set to
131072\nmodal-worker-oci-h200-ytubzmd:1:34 [3] NCCL INFO Trees [0] 12/-1/-1->11->10 [1] 12/-1/-1->11->10 [2] 12/-1/-1->11->10 [3] 12/-1/-1->11->3 [4] -1/-1/-1->11->10 [5] 12/-1/-1->11->10 [6] 12/-1/-1->11->10 [7] 12/-1/-1->11->10 [8] 12/-1/-1->11->10 [9] 12/-1/-1->11->10 [10] 12/-1/-1->11->10 [11] 12/3/-1->11->-1 [12] -1/-1/-1->11->10 [13] 12/-1/-1->11->10 [14] 12/-1/-1->11->10 [15]
12/-1/-1->11->10\nmodal-worker-oci-h200-ytubzmd:1:34 [3] NCCL INFO P2P Chunksize set to
131072\nmodal-worker-oci-h200-ytubzmd:1:35 [4] NCCL INFO Check P2P Type isAllDirectP2p 1 directMode 1 isAllCudaP2p
1\nmodal-worker-oci-h200-ytubzmd:1:34 [3] NCCL INFO Check P2P Type isAllDirectP2p 1 directMode 1 isAllCudaP2p
1\nmodal-worker-oci-h200-ytubzmd:1:37 [6] NCCL INFO Trees [0] 15/-1/-1->14->13 [1] 15/-1/-1->14->13 [2] 15/-1/-1->14->13 [3] 15/-1/-1->14->13 [4] 15/-1/-1->14->13 [5] 15/-1/-1->14->13 [6] 15/-1/-1->14->6 [7] -1/-1/-1->14->13 [8] 15/-1/-1->14->13 [9] 15/-1/-1->14->13 [10] 15/-1/-1->14->13 [11] 15/-1/-1->14->13 [12] 15/-1/-1->14->13 [13] 15/-1/-1->14->13 [14] 15/6/-1->14->-1 [15]
-1/-1/-1->14->13\nmodal-worker-oci-h200-ytubzmd:1:37 [6] NCCL INFO P2P Chunksize set to
131072\nmodal-worker-oci-h200-ytubzmd:1:37 [6] NCCL INFO Check P2P Type isAllDirectP2p 1 directMode 1 isAllCudaP2p
1\nmodal-worker-oci-h200-ytubzmd:1:31 [0] NCCL INFO PROFILER/Plugin: Could not find:
libnccl-profiler.so\nmodal-worker-oci-h200-ytubzmd:1:31 [0] NCCL INFO Check P2P Type isAllDirectP2p 1 directMode 1 isAllCudaP2p
1\nmodal-worker-oci-h200-ytubzmd:1:51 [0] NCCL INFO [Proxy Service] Device 1 CPU core
3\nmodal-worker-oci-h200-ytubzmd:1:49 [0] NCCL INFO [Proxy Service] Device 2 CPU core
1\nmodal-worker-oci-h200-ytubzmd:1:50 [0] NCCL INFO [Proxy Service] Device 4 CPU core
2\nmodal-worker-oci-h200-ytubzmd:1:48 [0] NCCL INFO [Proxy Service] Device 3 CPU core
0\nmodal-worker-oci-h200-ytubzmd:1:52 [0] NCCL INFO [Proxy Service] Device 6 CPU core
4\nmodal-worker-oci-h200-ytubzmd:1:38 [7] NCCL INFO PROFILER/Plugin: Could not find:
libnccl-profiler.so\nmodal-worker-oci-h200-ytubzmd:1:56 [0] NCCL INFO [Proxy Service UDS] Device 2 CPU core
8\nmodal-worker-oci-h200-ytubzmd:1:57 [0] NCCL INFO [Proxy Service UDS] Device 6 CPU core
9\nmodal-worker-oci-h200-ytubzmd:1:54 [0] NCCL INFO [Proxy Service UDS] Device 4 CPU core
6\nmodal-worker-oci-h200-ytubzmd:1:55 [0] NCCL INFO [Proxy Service UDS] Device 3 CPU core
7\nmodal-worker-oci-h200-ytubzmd:1:53 [0] NCCL INFO [Proxy Service] Device 0 CPU core
5\nmodal-worker-oci-h200-ytubzmd:1:58 [0] NCCL INFO [Proxy Service UDS] Device 1 CPU core
10\nmodal-worker-oci-h200-ytubzmd:1:59 [0] NCCL INFO [Proxy Service UDS] Device 0 CPU core
11\nmodal-worker-oci-h200-ytubzmd:1:38 [7] NCCL INFO Check P2P Type isAllDirectP2p 1 directMode 1 isAllCudaP2p
1\nmodal-worker-oci-h200-ytubzmd:1:36 [5] NCCL INFO PROFILER/Plugin: Could not find:
libnccl-profiler.so\nmodal-worker-oci-h200-ytubzmd:1:36 [5] NCCL INFO Check P2P Type isAllDirectP2p 1 directMode 1 isAllCudaP2p
1\nmodal-worker-oci-h200-ytubzmd:1:60 [0] NCCL INFO [Proxy Service] Device 7 CPU core
0\nmodal-worker-oci-h200-ytubzmd:1:61 [0] NCCL INFO [Proxy Service] Device 5 CPU core
1\nmodal-worker-oci-h200-ytubzmd:1:62 [0] NCCL INFO [Proxy Service UDS] Device 7 CPU core
2\nmodal-worker-oci-h200-ytubzmd:1:63 [0] NCCL INFO [Proxy Service UDS] Device 5 CPU core
3\nmodal-worker-oci-h200-ytubzmd:1:31 [0] NCCL INFO TUNER/Plugin: Could not find:
libnccl-tuner.so\nmodal-worker-oci-h200-ytubzmd:1:31 [0] NCCL INFO threadThresholds 8/8/64 | 128/8/64 | 512 |
512\nmodal-worker-oci-h200-ytubzmd:1:31 [0] NCCL INFO 16 coll channels, 16 collnet channels, 16 nvls channels, 16 p2p channels, 4 p2p channels per
peer\nmodal-worker-oci-h200-ytubzmd:1:31 [0] NCCL INFO Symmetric VA
size=140GB\nmodal-worker-oci-h200-ytubzmd:1:37 [6] NCCL INFO threadThresholds 8/8/64 | 128/8/64 | 512 |
512\nmodal-worker-oci-h200-ytubzmd:1:37 [6] NCCL INFO 16 coll channels, 16 collnet channels, 16 nvls channels, 16 p2p channels, 4 p2p channels per
peer\nmodal-worker-oci-h200-ytubzmd:1:37 [6] NCCL INFO Symmetric VA
size=140GB\nmodal-worker-oci-h200-ytubzmd:1:32 [1] NCCL INFO threadThresholds 8/8/64 | 128/8/64 | 512 |
512\nmodal-worker-oci-h200-ytubzmd:1:32 [1] NCCL INFO 16 coll channels, 16 collnet channels, 16 nvls channels, 16 p2p channels, 4 p2p channels per
peer\nmodal-worker-oci-h200-ytubzmd:1:32 [1] NCCL INFO Symmetric VA
size=140GB\nmodal-worker-oci-h200-ytubzmd:1:34 [3] NCCL INFO threadThresholds 8/8/64 | 128/8/64 | 512 |
512\nmodal-worker-oci-h200-ytubzmd:1:34 [3] NCCL INFO 16 coll channels, 16 collnet channels, 16 nvls channels, 16 p2p channels, 4 p2p channels per
peer\nmodal-worker-oci-h200-ytubzmd:1:34 [3] NCCL INFO Symmetric VA
size=140GB\nmodal-worker-oci-h200-ytubzmd:1:38 [7] NCCL INFO threadThresholds 8/8/64 | 128/8/64 | 512 |
512\nmodal-worker-oci-h200-ytubzmd:1:38 [7] NCCL INFO 16 coll channels, 16 collnet channels, 16 nvls channels, 16 p2p channels, 4 p2p channels per
peer\nmodal-worker-oci-h200-ytubzmd:1:38 [7] NCCL INFO Symmetric VA
size=140GB\nmodal-worker-oci-h200-ytubzmd:1:35 [4] NCCL INFO threadThresholds 8/8/64 | 128/8/64 | 512 |
512\nmodal-worker-oci-h200-ytubzmd:1:35 [4] NCCL INFO 16 coll channels, 16 collnet channels, 16 nvls channels, 16 p2p channels, 4 p2p channels per
peer\nmodal-worker-oci-h200-ytubzmd:1:35 [4] NCCL INFO Symmetric VA
size=140GB\nmodal-worker-oci-h200-ytubzmd:1:36 [5] NCCL INFO threadThresholds 8/8/64 | 128/8/64 | 512 |
512\nmodal-worker-oci-h200-ytubzmd:1:36 [5] NCCL INFO 16 coll channels, 16 collnet channels, 16 nvls channels, 16 p2p channels, 4 p2p channels per
peer\nmodal-worker-oci-h200-ytubzmd:1:36 [5] NCCL INFO Symmetric VA
size=140GB\nmodal-worker-oci-h200-ytubzmd:1:33 [2] NCCL INFO threadThresholds 8/8/64 | 128/8/64 | 512 |
512\nmodal-worker-oci-h200-ytubzmd:1:33 [2] NCCL INFO 16 coll channels, 16 collnet channels, 16 nvls channels, 16 p2p channels, 4 p2p channels per
peer\nmodal-worker-oci-h200-ytubzmd:1:33 [2] NCCL INFO Symmetric VA
size=140GB\nmodal-worker-oci-h200-ytubzmd:1:34 [3] NCCL INFO ncclCommInitRank comm 0x5611272151c0 rank 11 nranks 16 cudaDev 3 nvmlDev 3 busId 5b000 commId 0x4f88d7c107f86886 - Init
COMPLETE\nmodal-worker-oci-h200-ytubzmd:1:34 [3] NCCL INFO Init timings - ncclCommInitRank: rank 11 nranks 16 total 2.43 (kernels 1.56, alloc 0.31, bootstrap 0.01, allgathers 0.01, topo 0.24, graphs 0.01, connections 0.28, rest
0.01)\nmodal-worker-oci-h200-ytubzmd:1:38 [7] NCCL INFO ncclCommInitRank comm 0x56112aba7410 rank 15 nranks 16 cudaDev 7 nvmlDev 7 busId d8000 commId 0x4f88d7c107f86886 - Init
COMPLETE\nmodal-worker-oci-h200-ytubzmd:1:38 [7] NCCL INFO Init timings - ncclCommInitRank: rank 15 nranks 16 total 2.43 (kernels 1.56, alloc 0.31, bootstrap 0.01, allgathers 0.01, topo 0.24, graphs 0.01, connections 0.27, rest
0.01)\nmodal-worker-oci-h200-ytubzmd:1:31 [0] NCCL INFO ncclCommInitRank comm 0x5611246f7bc0 rank 8 nranks 16 cudaDev 0 nvmlDev 0 busId f000 commId 0x4f88d7c107f86886 - Init
COMPLETE\nmodal-worker-oci-h200-ytubzmd:1:31 [0] NCCL INFO Init timings - ncclCommInitRank: rank 8 nranks 16 total 2.44 (kernels 1.56, alloc 0.31, bootstrap 0.01, allgathers 0.01, topo 0.24, graphs 0.01, connections 0.27, rest
0.02)\nmodal-worker-oci-h200-ytubzmd:1:33 [2] NCCL INFO ncclCommInitRank comm 0x5611263cb6e0 rank 10 nranks 16 cudaDev 2 nvmlDev 2 busId 44000 commId 0x4f88d7c107f86886 - Init
COMPLETE\nmodal-worker-oci-h200-ytubzmd:1:33 [2] NCCL INFO Init timings - ncclCommInitRank: rank 10 nranks 16 total 2.44 (kernels 1.56, alloc 0.31, bootstrap 0.01, allgathers 0.01, topo 0.24, graphs 0.01, connections 0.28, rest
0.01)\nmodal-worker-oci-h200-ytubzmd:1:36 [5] NCCL INFO ncclCommInitRank comm 0x561128ec98c0 rank 13 nranks 16 cudaDev 5 nvmlDev 5 busId a8000 commId 0x4f88d7c107f86886 - Init
COMPLETE\nmodal-worker-oci-h200-ytubzmd:1:36 [5] NCCL INFO Init timings - ncclCommInitRank: rank 13 nranks 16 total 2.43 (kernels 1.56, alloc 0.31, bootstrap 0.01, allgathers 0.01, topo 0.24, graphs 0.01, connections 0.28, rest
0.01)\nmodal-worker-oci-h200-ytubzmd:1:37 [6] NCCL INFO ncclCommInitRank comm 0x561129d336e0 rank 14 nranks 16 cudaDev 6 nvmlDev 6 busId c0000 commId 0x4f88d7c107f86886 - Init
COMPLETE\nmodal-worker-oci-h200-ytubzmd:1:37 [6] NCCL INFO Init timings - ncclCommInitRank: rank 14 nranks 16 total 2.43 (kernels 1.56, alloc 0.31, bootstrap 0.01, allgathers 0.01, topo 0.25, graphs 0.01, connections 0.28, rest
0.01)\nmodal-worker-oci-h200-ytubzmd:1:35 [4] NCCL INFO ncclCommInitRank comm 0x56112806a680 rank 12 nranks 16 cudaDev 4 nvmlDev 4 busId 89000 commId 0x4f88d7c107f86886 - Init
COMPLETE\nmodal-worker-oci-h200-ytubzmd:1:35 [4] NCCL INFO Init timings - ncclCommInitRank: rank 12 nranks 16 total 2.44 (kernels 1.56, alloc 0.31, bootstrap 0.01, allgathers 0.01, topo 0.24, graphs 0.01, connections 0.28, rest
0.01)\nmodal-worker-oci-h200-ytubzmd:1:32 [1] NCCL INFO ncclCommInitRank comm 0x561125589f80 rank 9 nranks 16 cudaDev 1 nvmlDev 1 busId 2d000 commId 0x4f88d7c107f86886 - Init
COMPLETE\nmodal-worker-oci-h200-ytubzmd:1:32 [1] NCCL INFO Init timings - ncclCommInitRank: rank 9 nranks 16 total 2.44 (kernels 1.56, alloc 0.31, bootstrap 0.01, allgathers 0.01, topo 0.24, graphs 0.01, connections 0.28, rest 0.01)\n[rank 1] 8 communicators
ready\nmodal-worker-oci-h200-ytubzmd:1:1 [7] NCCL INFO Symmetric VA
size=140GB\nmodal-worker-oci-h200-ytubzmd:1:1 [6] NCCL INFO Symmetric VA
size=140GB\nmodal-worker-oci-h200-ytubzmd:1:1 [5] NCCL INFO Symmetric VA
size=140GB\nmodal-worker-oci-h200-ytubzmd:1:1 [4] NCCL INFO Symmetric VA
size=140GB\nmodal-worker-oci-h200-ytubzmd:1:1 [3] NCCL INFO Symmetric VA
size=140GB\nmodal-worker-oci-h200-ytubzmd:1:1 [2] NCCL INFO Symmetric VA
size=140GB\nmodal-worker-oci-h200-ytubzmd:1:1 [1] NCCL INFO Symmetric VA
size=140GB\nmodal-worker-oci-h200-ytubzmd:1:1 [0] NCCL INFO Symmetric VA
size=140GB\nmodal-worker-oci-h200-ytubzmd:1:64 [7] NCCL INFO NVLS comm 0x56112aba7410 headRank 7 nHeads 8 nvlsRanks 8 buffSize 1048576 nvlsPerRankSize 33554432 nvlsTotalSize
268435456\nmodal-worker-oci-h200-ytubzmd:1:65 [6] NCCL INFO NVLS comm 0x561129d336e0 headRank 6 nHeads 8 nvlsRanks 8 buffSize 1048576 nvlsPerRankSize 33554432 nvlsTotalSize
268435456\nmodal-worker-oci-h200-ytubzmd:1:66 [5] NCCL INFO NVLS comm 0x561128ec98c0 headRank 5 nHeads 8 nvlsRanks 8 buffSize 1048576 nvlsPerRankSize 33554432 nvlsTotalSize
268435456\nmodal-worker-oci-h200-ytubzmd:1:67 [4] NCCL INFO NVLS comm 0x56112806a680 headRank 4 nHeads 8 nvlsRanks 8 buffSize 1048576 nvlsPerRankSize 33554432 nvlsTotalSize
268435456\nmodal-worker-oci-h200-ytubzmd:1:68 [3] NCCL INFO NVLS comm 0x5611272151c0 headRank 3 nHeads 8 nvlsRanks 8 buffSize 1048576 nvlsPerRankSize 33554432 nvlsTotalSize
268435456\nmodal-worker-oci-h200-ytubzmd:1:69 [2] NCCL INFO NVLS comm 0x5611263cb6e0 headRank 2 nHeads 8 nvlsRanks 8 buffSize 1048576 nvlsPerRankSize 33554432 nvlsTotalSize
268435456\nmodal-worker-oci-h200-ytubzmd:1:70 [1] NCCL INFO NVLS comm 0x561125589f80 headRank 1 nHeads 8 nvlsRanks 8 buffSize 1048576 nvlsPerRankSize 33554432 nvlsTotalSize
268435456\nmodal-worker-oci-h200-ytubzmd:1:71 [0] NCCL INFO NVLS comm 0x5611246f7bc0 headRank 0 nHeads 8 nvlsRanks 8 buffSize 1048576 nvlsPerRankSize 33554432 nvlsTotalSize
268435456\nmodal-worker-oci-h200-ytubzmd:1:72 [0] NCCL INFO [Proxy Progress] Device 7 CPU core
0\nmodal-worker-oci-h200-ytubzmd:1:64 [7] NCCL INFO Channel 00/0 : 7[7] -> 15[7] [receive] via
NET/IB/1/GDRDMA\nmodal-worker-oci-h200-ytubzmd:1:64 [7] NCCL INFO Channel 01/0 : 7[7] -> 15[7] [receive] via
NET/IB/1/GDRDMA\nmodal-worker-oci-h200-ytubzmd:1:64 [7] NCCL INFO Channel 02/0 : 7[7] -> 15[7] [receive] via
NET/IB/1/GDRDMA\nmodal-worker-oci-h200-ytubzmd:1:64 [7] NCCL INFO Channel 03/0 : 7[7] -> 15[7] [receive] via
NET/IB/1/GDRDMA\nmodal-worker-oci-h200-ytubzmd:1:64 [7] NCCL INFO Channel 04/0 : 7[7] -> 15[7] [receive] via
NET/IB/1/GDRDMA\nmodal-worker-oci-h200-ytubzmd:1:64 [7] NCCL INFO Channel 05/0 : 7[7] -> 15[7] [receive] via
NET/IB/1/GDRDMA\nmodal-worker-oci-h200-ytubzmd:1:73 [0] NCCL INFO [Proxy Progress] Device 4 CPU core
1\nmodal-worker-oci-h200-ytubzmd:1:64 [7] NCCL INFO Channel 06/0 : 7[7] -> 15[7] [receive] via
NET/IB/1/GDRDMA\nmodal-worker-oci-h200-ytubzmd:1:67 [4] NCCL INFO Channel 00/0 : 4[4] -> 12[4] [receive] via
NET/IB/6/GDRDMA\nmodal-worker-oci-h200-ytubzmd:1:74 [0] NCCL INFO [Proxy Progress] Device 3 CPU core
2\nmodal-worker-oci-h200-ytubzmd:1:68 [3] NCCL INFO Channel 00/0 : 3[3] -> 11[3] [receive] via
NET/IB/5/GDRDMA\nmodal-worker-oci-h200-ytubzmd:1:67 [4] NCCL INFO Channel 01/0 : 4[4] -> 12[4] [receive] via
NET/IB/6/GDRDMA\nmodal-worker-oci-h200-ytubzmd:1:64 [7] NCCL INFO Channel 07/0 : 7[7] -> 15[7] [receive] via
NET/IB/1/GDRDMA\nmodal-worker-oci-h200-ytubzmd:1:67 [4] NCCL INFO Channel 02/0 : 4[4] -> 12[4] [receive] via
NET/IB/6/GDRDMA\nmodal-worker-oci-h200-ytubzmd:1:68 [3] NCCL INFO Channel 01/0 : 3[3] -> 11[3] [receive] via
NET/IB/5/GDRDMA\nmodal-worker-oci-h200-ytubzmd:1:64 [7] NCCL INFO Channel 08/0 : 7[7] -> 15[7] [receive] via
NET/IB/1/GDRDMA\nmodal-worker-oci-h200-ytubzmd:1:67 [4] NCCL INFO Channel 03/0 : 4[4] -> 12[4] [receive] via
NET/IB/6/GDRDMA\nmodal-worker-oci-h200-ytubzmd:1:68 [3] NCCL INFO Channel 02/0 : 3[3] -> 11[3] [receive] via
NET/IB/5/GDRDMA\nmodal-worker-oci-h200-ytubzmd:1:64 [7] NCCL INFO Channel 09/0 : 7[7] -> 15[7] [receive] via
NET/IB/1/GDRDMA\nmodal-worker-oci-h200-ytubzmd:1:75 [0] NCCL INFO [Proxy Progress] Device 6 CPU core
3\nmodal-worker-oci-h200-ytubzmd:1:67 [4] NCCL INFO Channel 04/0 : 4[4] -> 12[4] [receive] via
NET/IB/6/GDRDMA\nmodal-worker-oci-h200-ytubzmd:1:68 [3] NCCL INFO Channel 03/0 : 3[3] -> 11[3] [receive] via
NET/IB/5/GDRDMA\nmodal-worker-oci-h200-ytubzmd:1:64 [7] NCCL INFO Channel 10/0 : 7[7] -> 15[7] [receive] via
NET/IB/1/GDRDMA\nmodal-worker-oci-h200-ytubzmd:1:65 [6] NCCL INFO Channel 00/0 : 6[6] -> 14[6] [receive] via
NET/IB/0/GDRDMA\nmodal-worker-oci-h200-ytubzmd:1:76 [0] NCCL INFO [Proxy Progress] Device 1 CPU core
4\nmodal-worker-oci-h200-ytubzmd:1:64 [7] NCCL INFO Channel 11/0 : 7[7] -> 15[7] [receive] via
NET/IB/1/GDRDMA\nmodal-worker-oci-h200-ytubzmd:1:68 [3] NCCL INFO Channel 04/0 : 3[3] -> 11[3] [receive] via
NET/IB/5/GDRDMA\nmodal-worker-oci-h200-ytubzmd:1:67 [4] NCCL INFO Channel 05/0 : 4[4] -> 12[4] [receive] via
NET/IB/6/GDRDMA\nmodal-worker-oci-h200-ytubzmd:1:70 [1] NCCL INFO Channel 00/0 : 1[1] -> 9[1] [receive] via
NET/IB/2/GDRDMA\nmodal-worker-oci-h200-ytubzmd:1:65 [6] NCCL INFO Channel 01/0 : 6[6] -> 14[6] [receive] via
NET/IB/0/GDRDMA\nmodal-worker-oci-h200-ytubzmd:1:64 [7] NCCL INFO Channel 12/0 : 7[7] -> 15[7] [receive] via
NET/IB/1/GDRDMA\nmodal-worker-oci-h200-ytubzmd:1:65 [6] NCCL INFO Channel 02/0 : 6[6] -> 14[6] [receive] via
NET/IB/0/GDRDMA\nmodal-worker-oci-h200-ytubzmd:1:70 [1] NCCL INFO Channel 01/0 : 1[1] -> 9[1] [receive] via
NET/IB/2/GDRDMA\nmodal-worker-oci-h200-ytubzmd:1:67 [4] NCCL INFO Channel 06/0 : 4[4] -> 12[4] [receive] via
NET/IB/6/GDRDMA\nmodal-worker-oci-h200-ytubzmd:1:68 [3] NCCL INFO Channel 05/0 : 3[3] -> 11[3] [receive] via
NET/IB/5/GDRDMA\nmodal-worker-oci-h200-ytubzmd:1:77 [0] NCCL INFO [Proxy Progress] Device 2 CPU core
5\nmodal-worker-oci-h200-ytubzmd:1:78 [0] NCCL INFO [Proxy Progress] Device 0 CPU core
6\nmodal-worker-oci-h200-ytubzmd:1:68 [3] NCCL INFO Channel 06/0 : 3[3] -> 11[3] [receive] via
NET/IB/5/GDRDMA\nmodal-worker-oci-h200-ytubzmd:1:64 [7] NCCL INFO Channel 13/0 : 7[7] -> 15[7] [receive] via
NET/IB/1/GDRDMA\nmodal-worker-oci-h200-ytubzmd:1:67 [4] NCCL INFO Channel 07/0 : 4[4] -> 12[4] [receive] via
NET/IB/6/GDRDMA\nmodal-worker-oci-h200-ytubzmd:1:70 [1] NCCL INFO Channel 02/0 : 1[1] -> 9[1] [receive] via
NET/IB/2/GDRDMA\nmodal-worker-oci-h200-ytubzmd:1:69 [2] NCCL INFO Channel 00/0 : 2[2] -> 10[2] [receive] via
NET/IB/4/GDRDMA\nmodal-worker-oci-h200-ytubzmd:1:65 [6] NCCL INFO Channel 03/0 : 6[6] -> 14[6] [receive] via
NET/IB/0/GDRDMA\nmodal-worker-oci-h200-ytubzmd:1:71 [0] NCCL INFO Channel 00/0 : 0[0] -> 8[0] [receive] via
NET/IB/7/GDRDMA\nmodal-worker-oci-h200-ytubzmd:1:68 [3] NCCL INFO Channel 07/0 : 3[3] -> 11[3] [receive] via
NET/IB/5/GDRDMA\nmodal-worker-oci-h200-ytubzmd:1:67 [4] NCCL INFO Channel 08/0 : 4[4] -> 12[4] [receive] via
NET/IB/6/GDRDMA\nmodal-worker-oci-h200-ytubzmd:1:64 [7] NCCL INFO Channel 14/0 : 7[7] -> 15[7] [receive] via
NET/IB/1/GDRDMA\nmodal-worker-oci-h200-ytubzmd:1:70 [1] NCCL INFO Channel 03/0 : 1[1] -> 9[1] [receive] via
NET/IB/2/GDRDMA\nmodal-worker-oci-h200-ytubzmd:1:65 [6] NCCL INFO Channel 04/0 : 6[6] -> 14[6] [receive] via
NET/IB/0/GDRDMA\nmodal-worker-oci-h200-ytubzmd:1:69 [2] NCCL INFO Channel 01/0 : 2[2] -> 10[2] [receive] via
NET/IB/4/GDRDMA\nmodal-worker-oci-h200-ytubzmd:1:71 [0] NCCL INFO Channel 01/0 : 0[0] -> 8[0] [receive] via
NET/IB/7/GDRDMA\nmodal-worker-oci-h200-ytubzmd:1:65 [6] NCCL INFO Channel 05/0 : 6[6] -> 14[6] [receive] via
NET/IB/0/GDRDMA\nmodal-worker-oci-h200-ytubzmd:1:70 [1] NCCL INFO Channel 04/0 : 1[1] -> 9[1] [receive] via
NET/IB/2/GDRDMA\nmodal-worker-oci-h200-ytubzmd:1:64 [7] NCCL INFO Channel 15/0 : 7[7] -> 15[7] [receive] via
NET/IB/1/GDRDMA\nmodal-worker-oci-h200-ytubzmd:1:67 [4] NCCL INFO Channel 09/0 : 4[4] -> 12[4] [receive] via
NET/IB/6/GDRDMA\nmodal-worker-oci-h200-ytubzmd:1:69 [2] NCCL INFO Channel 02/0 : 2[2] -> 10[2] [receive] via
NET/IB/4/GDRDMA\nmodal-worker-oci-h200-ytubzmd:1:68 [3] NCCL INFO Channel 08/0 : 3[3] -> 11[3] [receive] via
NET/IB/5/GDRDMA\nmodal-worker-oci-h200-ytubzmd:1:79 [0] NCCL INFO [Proxy Progress] Device 5 CPU core
7\nmodal-worker-oci-h200-ytubzmd:1:71 [0] NCCL INFO Channel 02/0 : 0[0] -> 8[0] [receive] via
NET/IB/7/GDRDMA\nmodal-worker-oci-h200-ytubzmd:1:65 [6] NCCL INFO Channel 06/0 : 6[6] -> 14[6] [receive] via
NET/IB/0/GDRDMA\nmodal-worker-oci-h200-ytubzmd:1:64 [7] NCCL INFO Channel 00/0 : 15[7] -> 7[7] [send] via
NET/IB/1/GDRDMA\nmodal-worker-oci-h200-ytubzmd:1:67 [4] NCCL INFO Channel 10/0 : 4[4] -> 12[4] [receive] via
NET/IB/6/GDRDMA\nmodal-worker-oci-h200-ytubzmd:1:70 [1] NCCL INFO Channel 05/0 : 1[1] -> 9[1] [receive] via
NET/IB/2/GDRDMA\nmodal-worker-oci-h200-ytubzmd:1:66 [5] NCCL INFO Channel 00/0 : 5[5] -> 13[5] [receive] via
NET/IB/3/GDRDMA\nmodal-worker-oci-h200-ytubzmd:1:69 [2] NCCL INFO Channel 03/0 : 2[2] -> 10[2] [receive] via
NET/IB/4/GDRDMA\nmodal-worker-oci-h200-ytubzmd:1:68 [3] NCCL INFO Channel 09/0 : 3[3] -> 11[3] [receive] via
NET/IB/5/GDRDMA\nmodal-worker-oci-h200-ytubzmd:1:64 [7] NCCL INFO Channel 01/0 : 15[7] -> 7[7] [send] via
NET/IB/1/GDRDMA\nmodal-worker-oci-h200-ytubzmd:1:65 [6] NCCL INFO Channel 07/0 : 6[6] -> 14[6] [receive] via
NET/IB/0/GDRDMA\nmodal-worker-oci-h200-ytubzmd:1:71 [0] NCCL INFO Channel 03/0 : 0[0] -> 8[0] [receive] via
NET/IB/7/GDRDMA\nmodal-worker-oci-h200-ytubzmd:1:70 [1] NCCL INFO Channel 06/0 : 1[1] -> 9[1] [receive] via
NET/IB/2/GDRDMA\nmodal-worker-oci-h200-ytubzmd:1:69 [2] NCCL INFO Channel 04/0 : 2[2] -> 10[2] [receive] via
NET/IB/4/GDRDMA\nmodal-worker-oci-h200-ytubzmd:1:68 [3] NCCL INFO Channel 10/0 : 3[3] -> 11[3] [receive] via
NET/IB/5/GDRDMA\nmodal-worker-oci-h200-ytubzmd:1:66 [5] NCCL INFO Channel 01/0 : 5[5] -> 13[5] [receive] via
NET/IB/3/GDRDMA\nmodal-worker-oci-h200-ytubzmd:1:67 [4] NCCL INFO Channel 11/0 : 4[4] -> 12[4] [receive] via
NET/IB/6/GDRDMA\nmodal-worker-oci-h200-ytubzmd:1:64 [7] NCCL INFO Channel 02/0 : 15[7] -> 7[7] [send] via
NET/IB/1/GDRDMA\nmodal-worker-oci-h200-ytubzmd:1:65 [6] NCCL INFO Channel 08/0 : 6[6] -> 14[6] [receive] via
NET/IB/0/GDRDMA\nmodal-worker-oci-h200-ytubzmd:1:70 [1] NCCL INFO Channel 07/0 : 1[1] -> 9[1] [receive] via
NET/IB/2/GDRDMA\nmodal-worker-oci-h200-ytubzmd:1:71 [0] NCCL INFO Channel 04/0 : 0[0] -> 8[0] [receive] via
NET/IB/7/GDRDMA\nmodal-worker-oci-h200-ytubzmd:1:64 [7] NCCL INFO Channel 03/0 : 15[7] -> 7[7] [send] via
NET/IB/1/GDRDMA\nmodal-worker-oci-h200-ytubzmd:1:69 [2] NCCL INFO Channel 05/0 : 2[2] -> 10[2] [receive] via
NET/IB/4/GDRDMA\nmodal-worker-oci-h200-ytubzmd:1:68 [3] NCCL INFO Channel 11/0 : 3[3] -> 11[3] [receive] via
NET/IB/5/GDRDMA\nmodal-worker-oci-h200-ytubzmd:1:66 [5] NCCL INFO Channel 02/0 : 5[5] -> 13[5] [receive] via
NET/IB/3/GDRDMA\nmodal-worker-oci-h200-ytubzmd:1:67 [4] NCCL INFO Channel 12/0 : 4[4] -> 12[4] [receive] via
NET/IB/6/GDRDMA\nmodal-worker-oci-h200-ytubzmd:1:65 [6] NCCL INFO Channel 09/0 : 6[6] -> 14[6] [receive] via
NET/IB/0/GDRDMA\nmodal-worker-oci-h200-ytubzmd:1:64 [7] NCCL INFO Channel 04/0 : 15[7] -> 7[7] [send] via
NET/IB/1/GDRDMA\nmodal-worker-oci-h200-ytubzmd:1:71 [0] NCCL INFO Channel 05/0 : 0[0] -> 8[0] [receive] via
NET/IB/7/GDRDMA\nmodal-worker-oci-h200-ytubzmd:1:70 [1] NCCL INFO Channel 08/0 : 1[1] -> 9[1] [receive] via
NET/IB/2/GDRDMA\nmodal-worker-oci-h200-ytubzmd:1:67 [4] NCCL INFO Channel 13/0 : 4[4] -> 12[4] [receive] via
NET/IB/6/GDRDMA\nmodal-worker-oci-h200-ytubzmd:1:66 [5] NCCL INFO Channel 03/0 : 5[5] -> 13[5] [receive] via
NET/IB/3/GDRDMA\nmodal-worker-oci-h200-ytubzmd:1:69 [2] NCCL INFO Channel 06/0 : 2[2] -> 10[2] [receive] via
NET/IB/4/GDRDMA\nmodal-worker-oci-h200-ytubzmd:1:68 [3] NCCL INFO Channel 12/0 : 3[3] -> 11[3] [receive] via
NET/IB/5/GDRDMA\nmodal-worker-oci-h200-ytubzmd:1:64 [7] NCCL INFO Channel 05/0 : 15[7] -> 7[7] [send] via
NET/IB/1/GDRDMA\nmodal-worker-oci-h200-ytubzmd:1:65 [6] NCCL INFO Channel 10/0 : 6[6] -> 14[6] [receive] via
NET/IB/0/GDRDMA\nmodal-worker-oci-h200-ytubzmd:1:71 [0] NCCL INFO Channel 06/0 : 0[0] -> 8[0] [receive] via
NET/IB/7/GDRDMA\nmodal-worker-oci-h200-ytubzmd:1:67 [4] NCCL INFO Channel 14/0 : 4[4] -> 12[4] [receive] via
NET/IB/6/GDRDMA\nmodal-worker-oci-h200-ytubzmd:1:70 [1] NCCL INFO Channel 09/0 : 1[1] -> 9[1] [receive] via
NET/IB/2/GDRDMA\nmodal-worker-oci-h200-ytubzmd:1:69 [2] NCCL INFO Channel 07/0 : 2[2] -> 10[2] [receive] via
NET/IB/4/GDRDMA\nmodal-worker-oci-h200-ytubzmd:1:68 [3] NCCL INFO Channel 13/0 : 3[3] -> 11[3] [receive] via
NET/IB/5/GDRDMA\nmodal-worker-oci-h200-ytubzmd:1:64 [7] NCCL INFO Channel 06/0 : 15[7] -> 7[7] [send] via
NET/IB/1/GDRDMA\nmodal-worker-oci-h200-ytubzmd:1:66 [5] NCCL INFO Channel 04/0 : 5[5] -> 13[5] [receive] via
NET/IB/3/GDRDMA\nmodal-worker-oci-h200-ytubzmd:1:65 [6] NCCL INFO Channel 11/0 : 6[6] -> 14[6] [receive] via
NET/IB/0/GDRDMA\nmodal-worker-oci-h200-ytubzmd:1:71 [0] NCCL INFO Channel 07/0 : 0[0] -> 8[0] [receive] via
NET/IB/7/GDRDMA\nmodal-worker-oci-h200-ytubzmd:1:67 [4] NCCL INFO Channel 15/0 : 4[4] -> 12[4] [receive] via
NET/IB/6/GDRDMA\nmodal-worker-oci-h200-ytubzmd:1:64 [7] NCCL INFO Channel 07/0 : 15[7] -> 7[7] [send] via
NET/IB/1/GDRDMA\nmodal-worker-oci-h200-ytubzmd:1:70 [1] NCCL INFO Channel 10/0 : 1[1] -> 9[1] [receive] via
NET/IB/2/GDRDMA\nmodal-worker-oci-h200-ytubzmd:1:66 [5] NCCL INFO Channel 05/0 : 5[5] -> 13[5] [receive] via
NET/IB/3/GDRDMA\nmodal-worker-oci-h200-ytubzmd:1:69 [2] NCCL INFO Channel 08/0 : 2[2] -> 10[2] [receive] via
NET/IB/4/GDRDMA\nmodal-worker-oci-h200-ytubzmd:1:68 [3] NCCL INFO Channel 14/0 : 3[3] -> 11[3] [receive] via
NET/IB/5/GDRDMA\nmodal-worker-oci-h200-ytubzmd:1:65 [6] NCCL INFO Channel 12/0 : 6[6] -> 14[6] [receive] via
NET/IB/0/GDRDMA\nmodal-worker-oci-h200-ytubzmd:1:71 [0] NCCL INFO Channel 08/0 : 0[0] -> 8[0] [receive] via
NET/IB/7/GDRDMA\nmodal-worker-oci-h200-ytubzmd:1:64 [7] NCCL INFO Channel 08/0 : 15[7] -> 7[7] [send] via
NET/IB/1/GDRDMA\nmodal-worker-oci-h200-ytubzmd:1:67 [4] NCCL INFO Channel 00/0 : 12[4] -> 4[4] [send] via
NET/IB/6/GDRDMA\nmodal-worker-oci-h200-ytubzmd:1:66 [5] NCCL INFO Channel 06/0 : 5[5] -> 13[5] [receive] via
NET/IB/3/GDRDMA\nmodal-worker-oci-h200-ytubzmd:1:70 [1] NCCL INFO Channel 11/0 : 1[1] -> 9[1] [receive] via
NET/IB/2/GDRDMA\nmodal-worker-oci-h200-ytubzmd:1:69 [2] NCCL INFO Channel 09/0 : 2[2] -> 10[2] [receive] via
NET/IB/4/GDRDMA\nmodal-worker-oci-h200-ytubzmd:1:68 [3] NCCL INFO Channel 15/0 : 3[3] -> 11[3] [receive] via
NET/IB/5/GDRDMA\nmodal-worker-oci-h200-ytubzmd:1:64 [7] NCCL INFO Channel 09/0 : 15[7] -> 7[7] [send] via
NET/IB/1/GDRDMA\nmodal-worker-oci-h200-ytubzmd:1:65 [6] NCCL INFO Channel 13/0 : 6[6] -> 14[6] [receive] via
NET/IB/0/GDRDMA\nmodal-worker-oci-h200-ytubzmd:1:67 [4] NCCL INFO Channel 01/0 : 12[4] -> 4[4] [send] via
NET/IB/6/GDRDMA\nmodal-worker-oci-h200-ytubzmd:1:68 [3] NCCL INFO Channel 00/0 : 11[3] -> 3[3] [send] via
NET/IB/5/GDRDMA\nmodal-worker-oci-h200-ytubzmd:1:66 [5] NCCL INFO Channel 07/0 : 5[5] -> 13[5] [receive] via
NET/IB/3/GDRDMA\nmodal-worker-oci-h200-ytubzmd:1:71 [0] NCCL INFO Channel 09/0 : 0[0] -> 8[0] [receive] via
NET/IB/7/GDRDMA\nmodal-worker-oci-h200-ytubzmd:1:69 [2] NCCL INFO Channel 10/0 : 2[2] -> 10[2] [receive] via
NET/IB/4/GDRDMA\nmodal-worker-oci-h200-ytubzmd:1:70 [1] NCCL INFO Channel 12/0 : 1[1] -> 9[1] [receive] via
NET/IB/2/GDRDMA\nmodal-worker-oci-h200-ytubzmd:1:64 [7] NCCL INFO Channel 10/0 : 15[7] -> 7[7] [send] via
NET/IB/1/GDRDMA\nmodal-worker-oci-h200-ytubzmd:1:67 [4] NCCL INFO Channel 02/0 : 12[4] -> 4[4] [send] via
NET/IB/6/GDRDMA\nmodal-worker-oci-h200-ytubzmd:1:68 [3] NCCL INFO Channel 01/0 : 11[3] -> 3[3] [send] via
NET/IB/5/GDRDMA\nmodal-worker-oci-h200-ytubzmd:1:65 [6] NCCL INFO Channel 14/0 : 6[6] -> 14[6] [receive] via
NET/IB/0/GDRDMA\nmodal-worker-oci-h200-ytubzmd:1:69 [2] NCCL INFO Channel 11/0 : 2[2] -> 10[2] [receive] via
NET/IB/4/GDRDMA\nmodal-worker-oci-h200-ytubzmd:1:70 [1] NCCL INFO Channel 13/0 : 1[1] -> 9[1] [receive] via
NET/IB/2/GDRDMA\nmodal-worker-oci-h200-ytubzmd:1:67 [4] NCCL INFO Channel 03/0 : 12[4] -> 4[4] [send] via
NET/IB/6/GDRDMA\nmodal-worker-oci-h200-ytubzmd:1:64 [7] NCCL INFO Channel 11/0 : 15[7] -> 7[7] [send] via
NET/IB/1/GDRDMA\nmodal-worker-oci-h200-ytubzmd:1:66 [5] NCCL INFO Channel 08/0 : 5[5] -> 13[5] [receive] via
NET/IB/3/GDRDMA\nmodal-worker-oci-h200-ytubzmd:1:71 [0] NCCL INFO Channel 10/0 : 0[0] -> 8[0] [receive] via
NET/IB/7/GDRDMA\nmodal-worker-oci-h200-ytubzmd:1:68 [3] NCCL INFO Channel 02/0 : 11[3] -> 3[3] [send] via
NET/IB/5/GDRDMA\nmodal-worker-oci-h200-ytubzmd:1:67 [4] NCCL INFO Channel 04/0 : 12[4] -> 4[4] [send] via
NET/IB/6/GDRDMA\nmodal-worker-oci-h200-ytubzmd:1:65 [6] NCCL INFO Channel 15/0 : 6[6] -> 14[6] [receive] via
NET/IB/0/GDRDMA\nmodal-worker-oci-h200-ytubzmd:1:70 [1] NCCL INFO Channel 14/0 : 1[1] -> 9[1] [receive] via
NET/IB/2/GDRDMA\nmodal-worker-oci-h200-ytubzmd:1:64 [7] NCCL INFO Channel 12/0 : 15[7] -> 7[7] [send] via
NET/IB/1/GDRDMA\nmodal-worker-oci-h200-ytubzmd:1:69 [2] NCCL INFO Channel 12/0 : 2[2] -> 10[2] [receive] via
NET/IB/4/GDRDMA\nmodal-worker-oci-h200-ytubzmd:1:71 [0] NCCL INFO Channel 11/0 : 0[0] -> 8[0] [receive] via
NET/IB/7/GDRDMA\nmodal-worker-oci-h200-ytubzmd:1:66 [5] NCCL INFO Channel 09/0 : 5[5] -> 13[5] [receive] via
NET/IB/3/GDRDMA\nmodal-worker-oci-h200-ytubzmd:1:68 [3] NCCL INFO Channel 03/0 : 11[3] -> 3[3] [send] via
NET/IB/5/GDRDMA\nmodal-worker-oci-h200-ytubzmd:1:64 [7] NCCL INFO Channel 13/0 : 15[7] -> 7[7] [send] via
NET/IB/1/GDRDMA\nmodal-worker-oci-h200-ytubzmd:1:65 [6] NCCL INFO Channel 00/0 : 14[6] -> 6[6] [send] via
NET/IB/0/GDRDMA\nmodal-worker-oci-h200-ytubzmd:1:67 [4] NCCL INFO Channel 05/0 : 12[4] -> 4[4] [send] via
NET/IB/6/GDRDMA\nmodal-worker-oci-h200-ytubzmd:1:70 [1] NCCL INFO Channel 15/0 : 1[1] -> 9[1] [receive] via
NET/IB/2/GDRDMA\nmodal-worker-oci-h200-ytubzmd:1:69 [2] NCCL INFO Channel 13/0 : 2[2] -> 10[2] [receive] via
NET/IB/4/GDRDMA\nmodal-worker-oci-h200-ytubzmd:1:66 [5] NCCL INFO Channel 10/0 : 5[5] -> 13[5] [receive] via
NET/IB/3/GDRDMA\nmodal-worker-oci-h200-ytubzmd:1:68 [3] NCCL INFO Channel 04/0 : 11[3] -> 3[3] [send] via
NET/IB/5/GDRDMA\nmodal-worker-oci-h200-ytubzmd:1:71 [0] NCCL INFO Channel 12/0 : 0[0] -> 8[0] [receive] via
NET/IB/7/GDRDMA\nmodal-worker-oci-h200-ytubzmd:1:64 [7] NCCL INFO Channel 14/0 : 15[7] -> 7[7] [send] via
NET/IB/1/GDRDMA\nmodal-worker-oci-h200-ytubzmd:1:70 [1] NCCL INFO Channel 00/0 : 9[1] -> 1[1] [send] via
NET/IB/2/GDRDMA\nmodal-worker-oci-h200-ytubzmd:1:65 [6] NCCL INFO Channel 01/0 : 14[6] -> 6[6] [send] via
NET/IB/0/GDRDMA\nmodal-worker-oci-h200-ytubzmd:1:67 [4] NCCL INFO Channel 06/0 : 12[4] -> 4[4] [send] via
NET/IB/6/GDRDMA\nmodal-worker-oci-h200-ytubzmd:1:68 [3] NCCL INFO Channel 05/0 : 11[3] -> 3[3] [send] via
NET/IB/5/GDRDMA\nmodal-worker-oci-h200-ytubzmd:1:69 [2] NCCL INFO Channel 14/0 : 2[2] -> 10[2] [receive] via
NET/IB/4/GDRDMA\nmodal-worker-oci-h200-ytubzmd:1:67 [4] NCCL INFO Channel 07/0 : 12[4] -> 4[4] [send] via
NET/IB/6/GDRDMA\nmodal-worker-oci-h200-ytubzmd:1:64 [7] NCCL INFO Channel 15/0 : 15[7] -> 7[7] [send] via
NET/IB/1/GDRDMA\nmodal-worker-oci-h200-ytubzmd:1:71 [0] NCCL INFO Channel 13/0 : 0[0] -> 8[0] [receive] via
NET/IB/7/GDRDMA\nmodal-worker-oci-h200-ytubzmd:1:65 [6] NCCL INFO Channel 02/0 : 14[6] -> 6[6] [send] via
NET/IB/0/GDRDMA\nmodal-worker-oci-h200-ytubzmd:1:70 [1] NCCL INFO Channel 01/0 : 9[1] -> 1[1] [send] via
NET/IB/2/GDRDMA\nmodal-worker-oci-h200-ytubzmd:1:66 [5] NCCL INFO Channel 11/0 : 5[5] -> 13[5] [receive] via
NET/IB/3/GDRDMA\nmodal-worker-oci-h200-ytubzmd:1:67 [4] NCCL INFO Channel 08/0 : 12[4] -> 4[4] [send] via
NET/IB/6/GDRDMA\nmodal-worker-oci-h200-ytubzmd:1:66 [5] NCCL INFO Channel 12/0 : 5[5] -> 13[5] [receive] via
NET/IB/3/GDRDMA\nmodal-worker-oci-h200-ytubzmd:1:68 [3] NCCL INFO Channel 06/0 : 11[3] -> 3[3] [send] via
NET/IB/5/GDRDMA\nmodal-worker-oci-h200-ytubzmd:1:70 [1] NCCL INFO Channel 02/0 : 9[1] -> 1[1] [send] via
NET/IB/2/GDRDMA\nmodal-worker-oci-h200-ytubzmd:1:65 [6] NCCL INFO Channel 03/0 : 14[6] -> 6[6] [send] via
NET/IB/0/GDRDMA\nmodal-worker-oci-h200-ytubzmd:1:71 [0] NCCL INFO Channel 14/0 : 0[0] -> 8[0] [receive] via
NET/IB/7/GDRDMA\nmodal-worker-oci-h200-ytubzmd:1:67 [4] NCCL INFO Channel 09/0 : 12[4] -> 4[4] [send] via
NET/IB/6/GDRDMA\nmodal-worker-oci-h200-ytubzmd:1:69 [2] NCCL INFO Channel 15/0 : 2[2] -> 10[2] [receive] via
NET/IB/4/GDRDMA\nmodal-worker-oci-h200-ytubzmd:1:70 [1] NCCL INFO Channel 03/0 : 9[1] -> 1[1] [send] via
NET/IB/2/GDRDMA\nmodal-worker-oci-h200-ytubzmd:1:68 [3] NCCL INFO Channel 07/0 : 11[3] -> 3[3] [send] via
NET/IB/5/GDRDMA\nmodal-worker-oci-h200-ytubzmd:1:66 [5] NCCL INFO Channel 13/0 : 5[5] -> 13[5] [receive] via
NET/IB/3/GDRDMA\nmodal-worker-oci-h200-ytubzmd:1:69 [2] NCCL INFO Channel 00/0 : 10[2] -> 2[2] [send] via
NET/IB/4/GDRDMA\nmodal-worker-oci-h200-ytubzmd:1:67 [4] NCCL INFO Channel 10/0 : 12[4] -> 4[4] [send] via
NET/IB/6/GDRDMA\nmodal-worker-oci-h200-ytubzmd:1:71 [0] NCCL INFO Channel 15/0 : 0[0] -> 8[0] [receive] via
NET/IB/7/GDRDMA\nmodal-worker-oci-h200-ytubzmd:1:65 [6] NCCL INFO Channel 04/0 : 14[6] -> 6[6] [send] via
NET/IB/0/GDRDMA\nmodal-worker-oci-h200-ytubzmd:1:70 [1] NCCL INFO Channel 04/0 : 9[1] -> 1[1] [send] via
NET/IB/2/GDRDMA\nmodal-worker-oci-h200-ytubzmd:1:69 [2] NCCL INFO Channel 01/0 : 10[2] -> 2[2] [send] via
NET/IB/4/GDRDMA\nmodal-worker-oci-h200-ytubzmd:1:68 [3] NCCL INFO Channel 08/0 : 11[3] -> 3[3] [send] via
NET/IB/5/GDRDMA\nmodal-worker-oci-h200-ytubzmd:1:67 [4] NCCL INFO Channel 11/0 : 12[4] -> 4[4] [send] via
NET/IB/6/GDRDMA\nmodal-worker-oci-h200-ytubzmd:1:71 [0] NCCL INFO Channel 00/0 : 8[0] -> 0[0] [send] via
NET/IB/7/GDRDMA\nmodal-worker-oci-h200-ytubzmd:1:66 [5] NCCL INFO Channel 14/0 : 5[5] -> 13[5] [receive] via
NET/IB/3/GDRDMA\nmodal-worker-oci-h200-ytubzmd:1:65 [6] NCCL INFO Channel 05/0 : 14[6] -> 6[6] [send] via
NET/IB/0/GDRDMA\nmodal-worker-oci-h200-ytubzmd:1:70 [1] NCCL INFO Channel 05/0 : 9[1] -> 1[1] [send] via
NET/IB/2/GDRDMA\nmodal-worker-oci-h200-ytubzmd:1:68 [3] NCCL INFO Channel 09/0 : 11[3] -> 3[3] [send] via
NET/IB/5/GDRDMA\nmodal-worker-oci-h200-ytubzmd:1:69 [2] NCCL INFO Channel 02/0 : 10[2] -> 2[2] [send] via
NET/IB/4/GDRDMA\nmodal-worker-oci-h200-ytubzmd:1:67 [4] NCCL INFO Channel 12/0 : 12[4] -> 4[4] [send] via
NET/IB/6/GDRDMA\nmodal-worker-oci-h200-ytubzmd:1:71 [0] NCCL INFO Channel 01/0 : 8[0] -> 0[0] [send] via
NET/IB/7/GDRDMA\nmodal-worker-oci-h200-ytubzmd:1:65 [6] NCCL INFO Channel 06/0 : 14[6] -> 6[6] [send] via
